Traceback (most recent call last):
  File "/home/maciej/anaconda3/lib/python3.12/site-packages/jupyter_cache/executors/utils.py", line 58, in single_nb_execution
    executenb(
  File "/home/maciej/anaconda3/lib/python3.12/site-packages/nbclient/client.py", line 1305, in execute
    return NotebookClient(nb=nb, resources=resources, km=km, **kwargs).execute()
           ^^^^^^^^^^^^^^^^^^^^^^^^^^^^^^^^^^^^^^^^^^^^^^^^^^^^^^^^^^^^^^^^^^^^^
  File "/home/maciej/anaconda3/lib/python3.12/site-packages/jupyter_core/utils/__init__.py", line 165, in wrapped
    return loop.run_until_complete(inner)
           ^^^^^^^^^^^^^^^^^^^^^^^^^^^^^^
  File "/home/maciej/anaconda3/lib/python3.12/asyncio/base_events.py", line 685, in run_until_complete
    return future.result()
           ^^^^^^^^^^^^^^^
  File "/home/maciej/anaconda3/lib/python3.12/site-packages/nbclient/client.py", line 705, in async_execute
    await self.async_execute_cell(
  File "/home/maciej/anaconda3/lib/python3.12/site-packages/nbclient/client.py", line 1058, in async_execute_cell
    await self._check_raise_for_error(cell, cell_index, exec_reply)
  File "/home/maciej/anaconda3/lib/python3.12/site-packages/nbclient/client.py", line 914, in _check_raise_for_error
    raise CellExecutionError.from_cell_and_msg(cell, exec_reply_content)
nbclient.exceptions.CellExecutionError: An error occurred while executing the following cell:
------------------
from sklearn import datasets
from sklearn.model_selection import train_test_split
from sklearn.preprocessing import StandardScaler
from sklearn.svm import SVC
from sklearn.metrics import accuracy_score

# Wczytanie przykładowego zbioru danych (iris)
iris = datasets.load_iris()
X = iris.data
y = iris.target

# Podział danych na zbiór treningowy i testowy
X_train, X_test, y_train, y_test = train_test_split(X, y, test_size=0.2, random_state=42)

# Standaryzacja danych
scaler = StandardScaler()
X_train = scaler.fit_transform(X_train)
X_test = scaler.transform(X_test)

# Utworzenie modelu SVM z jądrem RBF
model = SVC(kernel='rbf', C=1.0, gamma='scale')

# Trenowanie modelu
model.fit(X_train, y_train)

# Przewidywanie
y_pred = model.predict(X_test)

# Ocena modelu
accuracy = accuracy_score(y_test, y_pred)
print(f'Accuracy: {accuracy}')

------------------

----- stderr -----

A module that was compiled using NumPy 1.x cannot be run in
NumPy 2.2.6 as it may crash. To support both 1.x and 2.x
versions of NumPy, modules must be compiled with NumPy 2.0.
Some module may need to rebuild instead e.g. with 'pybind11>=2.12'.

If you are a user of the module, the easiest solution will be to
downgrade to 'numpy<2' or try to upgrade the affected module.
We expect that some modules will need time to support NumPy 2.

Traceback (most recent call last):  File "<frozen runpy>", line 198, in _run_module_as_main
  File "<frozen runpy>", line 88, in _run_code
  File "/home/maciej/anaconda3/lib/python3.12/site-packages/ipykernel_launcher.py", line 17, in <module>
    app.launch_new_instance()
  File "/home/maciej/anaconda3/lib/python3.12/site-packages/traitlets/config/application.py", line 1075, in launch_instance
    app.start()
  File "/home/maciej/anaconda3/lib/python3.12/site-packages/ipykernel/kernelapp.py", line 701, in start
    self.io_loop.start()
  File "/home/maciej/anaconda3/lib/python3.12/site-packages/tornado/platform/asyncio.py", line 205, in start
    self.asyncio_loop.run_forever()
  File "/home/maciej/anaconda3/lib/python3.12/asyncio/base_events.py", line 639, in run_forever
    self._run_once()
  File "/home/maciej/anaconda3/lib/python3.12/asyncio/base_events.py", line 1985, in _run_once
    handle._run()
  File "/home/maciej/anaconda3/lib/python3.12/asyncio/events.py", line 88, in _run
    self._context.run(self._callback, *self._args)
  File "/home/maciej/anaconda3/lib/python3.12/site-packages/ipykernel/kernelbase.py", line 534, in dispatch_queue
    await self.process_one()
  File "/home/maciej/anaconda3/lib/python3.12/site-packages/ipykernel/kernelbase.py", line 523, in process_one
    await dispatch(*args)
  File "/home/maciej/anaconda3/lib/python3.12/site-packages/ipykernel/kernelbase.py", line 429, in dispatch_shell
    await result
  File "/home/maciej/anaconda3/lib/python3.12/site-packages/ipykernel/kernelbase.py", line 767, in execute_request
    reply_content = await reply_content
  File "/home/maciej/anaconda3/lib/python3.12/site-packages/ipykernel/ipkernel.py", line 429, in do_execute
    res = shell.run_cell(
  File "/home/maciej/anaconda3/lib/python3.12/site-packages/ipykernel/zmqshell.py", line 549, in run_cell
    return super().run_cell(*args, **kwargs)
  File "/home/maciej/anaconda3/lib/python3.12/site-packages/IPython/core/interactiveshell.py", line 3075, in run_cell
    result = self._run_cell(
  File "/home/maciej/anaconda3/lib/python3.12/site-packages/IPython/core/interactiveshell.py", line 3130, in _run_cell
    result = runner(coro)
  File "/home/maciej/anaconda3/lib/python3.12/site-packages/IPython/core/async_helpers.py", line 128, in _pseudo_sync_runner
    coro.send(None)
  File "/home/maciej/anaconda3/lib/python3.12/site-packages/IPython/core/interactiveshell.py", line 3334, in run_cell_async
    has_raised = await self.run_ast_nodes(code_ast.body, cell_name,
  File "/home/maciej/anaconda3/lib/python3.12/site-packages/IPython/core/interactiveshell.py", line 3517, in run_ast_nodes
    if await self.run_code(code, result, async_=asy):
  File "/home/maciej/anaconda3/lib/python3.12/site-packages/IPython/core/interactiveshell.py", line 3577, in run_code
    exec(code_obj, self.user_global_ns, self.user_ns)
  File "/tmp/ipykernel_11285/2440521309.py", line 1, in <module>
    from sklearn import datasets
  File "/home/maciej/anaconda3/lib/python3.12/site-packages/sklearn/__init__.py", line 84, in <module>
    from .base import clone
  File "/home/maciej/anaconda3/lib/python3.12/site-packages/sklearn/base.py", line 19, in <module>
    from .utils._estimator_html_repr import _HTMLDocumentationLinkMixin, estimator_html_repr
  File "/home/maciej/anaconda3/lib/python3.12/site-packages/sklearn/utils/__init__.py", line 11, in <module>
    from ._chunking import gen_batches, gen_even_slices
  File "/home/maciej/anaconda3/lib/python3.12/site-packages/sklearn/utils/_chunking.py", line 8, in <module>
    from ._param_validation import Interval, validate_params
  File "/home/maciej/anaconda3/lib/python3.12/site-packages/sklearn/utils/_param_validation.py", line 11, in <module>
    from scipy.sparse import csr_matrix, issparse
  File "/home/maciej/anaconda3/lib/python3.12/site-packages/scipy/sparse/__init__.py", line 295, in <module>
    from ._csr import *
  File "/home/maciej/anaconda3/lib/python3.12/site-packages/scipy/sparse/_csr.py", line 11, in <module>
    from ._sparsetools import (csr_tocsc, csr_tobsr, csr_count_blocks,
------------------

[0;31m---------------------------------------------------------------------------[0m
[0;31mImportError[0m                               Traceback (most recent call last)
Cell [0;32mIn[1], line 1[0m
[0;32m----> 1[0m [38;5;28;01mfrom[39;00m [38;5;21;01msklearn[39;00m [38;5;28;01mimport[39;00m datasets
[1;32m      2[0m [38;5;28;01mfrom[39;00m [38;5;21;01msklearn[39;00m[38;5;21;01m.[39;00m[38;5;21;01mmodel_selection[39;00m [38;5;28;01mimport[39;00m train_test_split
[1;32m      3[0m [38;5;28;01mfrom[39;00m [38;5;21;01msklearn[39;00m[38;5;21;01m.[39;00m[38;5;21;01mpreprocessing[39;00m [38;5;28;01mimport[39;00m StandardScaler

File [0;32m~/anaconda3/lib/python3.12/site-packages/sklearn/__init__.py:84[0m
[1;32m     70[0m     [38;5;66;03m# We are not importing the rest of scikit-learn during the build[39;00m
[1;32m     71[0m     [38;5;66;03m# process, as it may not be compiled yet[39;00m
[1;32m     72[0m [38;5;28;01melse[39;00m:
[0;32m   (...)[0m
[1;32m     78[0m     [38;5;66;03m# later is linked to the OpenMP runtime to make it possible to introspect[39;00m
[1;32m     79[0m     [38;5;66;03m# it and importing it first would fail if the OpenMP dll cannot be found.[39;00m
[1;32m     80[0m     [38;5;28;01mfrom[39;00m [38;5;21;01m.[39;00m [38;5;28;01mimport[39;00m (
[1;32m     81[0m         __check_build,  [38;5;66;03m# noqa: F401[39;00m
[1;32m     82[0m         _distributor_init,  [38;5;66;03m# noqa: F401[39;00m
[1;32m     83[0m     )
[0;32m---> 84[0m     [38;5;28;01mfrom[39;00m [38;5;21;01m.[39;00m[38;5;21;01mbase[39;00m [38;5;28;01mimport[39;00m clone
[1;32m     85[0m     [38;5;28;01mfrom[39;00m [38;5;21;01m.[39;00m[38;5;21;01mutils[39;00m[38;5;21;01m.[39;00m[38;5;21;01m_show_versions[39;00m [38;5;28;01mimport[39;00m show_versions
[1;32m     87[0m     __all__ [38;5;241m=[39m [
[1;32m     88[0m         [38;5;124m"[39m[38;5;124mcalibration[39m[38;5;124m"[39m,
[1;32m     89[0m         [38;5;124m"[39m[38;5;124mcluster[39m[38;5;124m"[39m,
[0;32m   (...)[0m
[1;32m    130[0m         [38;5;124m"[39m[38;5;124mshow_versions[39m[38;5;124m"[39m,
[1;32m    131[0m     ]

File [0;32m~/anaconda3/lib/python3.12/site-packages/sklearn/base.py:19[0m
[1;32m     17[0m [38;5;28;01mfrom[39;00m [38;5;21;01m.[39;00m[38;5;21;01m_config[39;00m [38;5;28;01mimport[39;00m config_context, get_config
[1;32m     18[0m [38;5;28;01mfrom[39;00m [38;5;21;01m.[39;00m[38;5;21;01mexceptions[39;00m [38;5;28;01mimport[39;00m InconsistentVersionWarning
[0;32m---> 19[0m [38;5;28;01mfrom[39;00m [38;5;21;01m.[39;00m[38;5;21;01mutils[39;00m[38;5;21;01m.[39;00m[38;5;21;01m_estimator_html_repr[39;00m [38;5;28;01mimport[39;00m _HTMLDocumentationLinkMixin, estimator_html_repr
[1;32m     20[0m [38;5;28;01mfrom[39;00m [38;5;21;01m.[39;00m[38;5;21;01mutils[39;00m[38;5;21;01m.[39;00m[38;5;21;01m_metadata_requests[39;00m [38;5;28;01mimport[39;00m _MetadataRequester, _routing_enabled
[1;32m     21[0m [38;5;28;01mfrom[39;00m [38;5;21;01m.[39;00m[38;5;21;01mutils[39;00m[38;5;21;01m.[39;00m[38;5;21;01m_param_validation[39;00m [38;5;28;01mimport[39;00m validate_parameter_constraints

File [0;32m~/anaconda3/lib/python3.12/site-packages/sklearn/utils/__init__.py:11[0m
[1;32m      9[0m [38;5;28;01mfrom[39;00m [38;5;21;01m.[39;00m [38;5;28;01mimport[39;00m _joblib, metadata_routing
[1;32m     10[0m [38;5;28;01mfrom[39;00m [38;5;21;01m.[39;00m[38;5;21;01m_bunch[39;00m [38;5;28;01mimport[39;00m Bunch
[0;32m---> 11[0m [38;5;28;01mfrom[39;00m [38;5;21;01m.[39;00m[38;5;21;01m_chunking[39;00m [38;5;28;01mimport[39;00m gen_batches, gen_even_slices
[1;32m     12[0m [38;5;28;01mfrom[39;00m [38;5;21;01m.[39;00m[38;5;21;01m_estimator_html_repr[39;00m [38;5;28;01mimport[39;00m estimator_html_repr
[1;32m     14[0m [38;5;66;03m# Make _safe_indexing importable from here for backward compat as this particular[39;00m
[1;32m     15[0m [38;5;66;03m# helper is considered semi-private and typically very useful for third-party[39;00m
[1;32m     16[0m [38;5;66;03m# libraries that want to comply with scikit-learn's estimator API. In particular,[39;00m
[1;32m     17[0m [38;5;66;03m# _safe_indexing was included in our public API documentation despite the leading[39;00m
[1;32m     18[0m [38;5;66;03m# `_` in its name.[39;00m

File [0;32m~/anaconda3/lib/python3.12/site-packages/sklearn/utils/_chunking.py:8[0m
[1;32m      5[0m [38;5;28;01mimport[39;00m [38;5;21;01mnumpy[39;00m [38;5;28;01mas[39;00m [38;5;21;01mnp[39;00m
[1;32m      7[0m [38;5;28;01mfrom[39;00m [38;5;21;01m.[39;00m[38;5;21;01m.[39;00m[38;5;21;01m_config[39;00m [38;5;28;01mimport[39;00m get_config
[0;32m----> 8[0m [38;5;28;01mfrom[39;00m [38;5;21;01m.[39;00m[38;5;21;01m_param_validation[39;00m [38;5;28;01mimport[39;00m Interval, validate_params
[1;32m     11[0m [38;5;28;01mdef[39;00m [38;5;21mchunk_generator[39m(gen, chunksize):
[1;32m     12[0m [38;5;250m    [39m[38;5;124;03m"""Chunk generator, ``gen`` into lists of length ``chunksize``. The last[39;00m
[1;32m     13[0m [38;5;124;03m    chunk may have a length less than ``chunksize``."""[39;00m

File [0;32m~/anaconda3/lib/python3.12/site-packages/sklearn/utils/_param_validation.py:11[0m
[1;32m      8[0m [38;5;28;01mfrom[39;00m [38;5;21;01mnumbers[39;00m [38;5;28;01mimport[39;00m Integral, Real
[1;32m     10[0m [38;5;28;01mimport[39;00m [38;5;21;01mnumpy[39;00m [38;5;28;01mas[39;00m [38;5;21;01mnp[39;00m
[0;32m---> 11[0m [38;5;28;01mfrom[39;00m [38;5;21;01mscipy[39;00m[38;5;21;01m.[39;00m[38;5;21;01msparse[39;00m [38;5;28;01mimport[39;00m csr_matrix, issparse
[1;32m     13[0m [38;5;28;01mfrom[39;00m [38;5;21;01m.[39;00m[38;5;21;01m.[39;00m[38;5;21;01m_config[39;00m [38;5;28;01mimport[39;00m config_context, get_config
[1;32m     14[0m [38;5;28;01mfrom[39;00m [38;5;21;01m.[39;00m[38;5;21;01mvalidation[39;00m [38;5;28;01mimport[39;00m _is_arraylike_not_scalar

File [0;32m~/anaconda3/lib/python3.12/site-packages/scipy/sparse/__init__.py:295[0m
[1;32m    292[0m [38;5;28;01mimport[39;00m [38;5;21;01mwarnings[39;00m [38;5;28;01mas[39;00m [38;5;21;01m_warnings[39;00m
[1;32m    294[0m [38;5;28;01mfrom[39;00m [38;5;21;01m.[39;00m[38;5;21;01m_base[39;00m [38;5;28;01mimport[39;00m [38;5;241m*[39m
[0;32m--> 295[0m [38;5;28;01mfrom[39;00m [38;5;21;01m.[39;00m[38;5;21;01m_csr[39;00m [38;5;28;01mimport[39;00m [38;5;241m*[39m
[1;32m    296[0m [38;5;28;01mfrom[39;00m [38;5;21;01m.[39;00m[38;5;21;01m_csc[39;00m [38;5;28;01mimport[39;00m [38;5;241m*[39m
[1;32m    297[0m [38;5;28;01mfrom[39;00m [38;5;21;01m.[39;00m[38;5;21;01m_lil[39;00m [38;5;28;01mimport[39;00m [38;5;241m*[39m

File [0;32m~/anaconda3/lib/python3.12/site-packages/scipy/sparse/_csr.py:11[0m
[1;32m      9[0m [38;5;28;01mfrom[39;00m [38;5;21;01m.[39;00m[38;5;21;01m_matrix[39;00m [38;5;28;01mimport[39;00m spmatrix
[1;32m     10[0m [38;5;28;01mfrom[39;00m [38;5;21;01m.[39;00m[38;5;21;01m_base[39;00m [38;5;28;01mimport[39;00m _spbase, sparray
[0;32m---> 11[0m [38;5;28;01mfrom[39;00m [38;5;21;01m.[39;00m[38;5;21;01m_sparsetools[39;00m [38;5;28;01mimport[39;00m (csr_tocsc, csr_tobsr, csr_count_blocks,
[1;32m     12[0m                            get_csr_submatrix)
[1;32m     13[0m [38;5;28;01mfrom[39;00m [38;5;21;01m.[39;00m[38;5;21;01m_sputils[39;00m [38;5;28;01mimport[39;00m upcast
[1;32m     15[0m [38;5;28;01mfrom[39;00m [38;5;21;01m.[39;00m[38;5;21;01m_compressed[39;00m [38;5;28;01mimport[39;00m _cs_matrix

[0;31mImportError[0m: numpy.core.multiarray failed to import

